[dotenv@17.2.4] injecting env (5) from .env -- tip: ≡ƒöÉ prevent building .env in docker: https://dotenvx.com/prebuild
Testing Gemini (gemini-2.5-flash)...
Γ£à Gemini Success
Testing Hugging Face...
node : Γ¥î HF 
Error: API Key 
is still a 
placeholder.
At line:1 char:1
+ node 
src/test-api.js 
> 
test_output.txt 
2>&1; cat 
test_output.txt
+ ~~~~~~~~~~~~~~~
~~~~~~~~~~~~~~~~~
~~~~~~~~~~~
    + CategoryIn 
   fo            
  : NotSpecifi   
 ed: (Γ¥î HF     
Error: A...     
a placeholde    
r.:String) [    
], RemoteExc    
eption
    + FullyQuali 
   fiedErrorId   
  : NativeComm   
 andError
 
